// Jest Snapshot v1, https://goo.gl/fbAQLP

exports[`Year can add a semester 1`] = `
<year__Container>
  <year__Header>
    <year__TitleText>
      2016—2017
    </year__TitleText>
    <span>
      <year__TitleButton
        onClick={[Function]}
        title="Add Semester"
        type="flat"
      >
        Add ‘
        Fall
        ’
      </year__TitleButton>
      <year__RemoveYearButton
        onClick={[Function]}
        title="Remove the year 2016—2017"
        type="flat"
      >
        Remove Year
      </year__RemoveYearButton>
    </span>
  </year__Header>
  <year__SemesterList />
</year__Container>
`;

exports[`Year can add a semester 2`] = `
<year__Container>
  <year__Header>
    <year__TitleText>
      2016—2017
    </year__TitleText>
    <span>
      <year__TitleButton
        onClick={[Function]}
        title="Add Semester"
        type="flat"
      >
        Add ‘
        Fall
        ’
      </year__TitleButton>
      <year__RemoveYearButton
        onClick={[Function]}
        title="Remove the year 2016—2017"
        type="flat"
      >
        Remove Year
      </year__RemoveYearButton>
    </span>
  </year__Header>
  <year__SemesterList />
</year__Container>
`;

exports[`Year can remove a semester 1`] = `
<year__Container>
  <year__Header>
    <year__TitleText>
      2016—2017
    </year__TitleText>
    <span>
      <year__TitleButton
        onClick={[Function]}
        title="Add Semester"
        type="flat"
      >
        Add ‘
        Fall
        ’
      </year__TitleButton>
      <year__RemoveYearButton
        onClick={[Function]}
        title="Remove the year 2016—2017"
        type="flat"
      >
        Remove Year
      </year__RemoveYearButton>
    </span>
  </year__Header>
  <year__SemesterList />
</year__Container>
`;

exports[`Year can remove a semester 2`] = `
<year__Container>
  <year__Header>
    <year__TitleText>
      2016—2017
    </year__TitleText>
    <span>
      <year__TitleButton
        onClick={[Function]}
        title="Add Semester"
        type="flat"
      >
        Add ‘
        Fall
        ’
      </year__TitleButton>
      <year__RemoveYearButton
        onClick={[Function]}
        title="Remove the year 2016—2017"
        type="flat"
      >
        Remove Year
      </year__RemoveYearButton>
    </span>
  </year__Header>
  <year__SemesterList />
</year__Container>
`;

exports[`Year renders shallowly 1`] = `
<div
  className="year__Container-jrlgyY jBcoS"
>
  <header
    className="year__Header-hJUXLR gLMUwJ"
  >
    <h1
      className="year__TitleText-gubaPC kbiaR"
    >
      2016—2017
    </h1>
    <span>
      <button
        className="year__TitleButton-iceypU btWOsu button__BaseButton-dVUXkm bqhNoR"
        disabled={undefined}
        onClick={[Function]}
        style={undefined}
        title="Add Semester"
        to={undefined}
        type="button"
      >
        Add ‘
        Fall
        ’
      </button>
      <button
        className="year__RemoveYearButton-irTWOs jraVKV year__TitleButton-iceypU btWOsu button__BaseButton-dVUXkm bqhNoR"
        disabled={undefined}
        onClick={[Function]}
        style={undefined}
        title="Remove the year 2016—2017"
        to={undefined}
        type="button"
      >
        Remove Year
      </button>
    </span>
  </header>
  <div
    className="year__SemesterList-gyQlFP cibOCg"
  />
</div>
`;
