// Jest Snapshot v1, https://goo.gl/fbAQLP

exports[`collectTakenCourses can go down many layers deep 1`] = `
[
  {
    "department": [
      "CSCI",
    ],
    "number": 121,
  },
  {
    "department": [
      "ART",
      "ASIAN",
    ],
    "number": 170,
  },
  {
    "department": [
      "ART",
      "ASIAN",
    ],
    "number": 175,
  },
  {
    "department": [
      "ART",
      "ASIAN",
    ],
    "number": 190,
  },
  {
    "department": [
      "ASIAN",
    ],
    "number": 210,
  },
  {
    "department": [
      "ASIAN",
    ],
    "number": 215,
  },
  {
    "department": [
      "ASIAN",
    ],
    "number": 220,
  },
]
`;

exports[`collectTakenCourses can go down one layer deep 1`] = `
[
  {
    "department": [
      "ASIAN",
    ],
    "number": 120,
  },
]
`;

exports[`collectTakenCourses collects a list of all of the courses anywhere in this object which have the \`_taken\` property. 1`] = `
[
  {
    "department": [
      "ASIAN",
    ],
    "number": 120,
  },
]
`;
