// Jest Snapshot v1, https://goo.gl/fbAQLP

exports[`OccurrenceExpression requires a course to check for occurrences of 1`] = `
Object {
  "$count": Object {
    "$num": 1,
    "$operator": "$gte",
  },
  "$course": Object {
    "number": "121",
    "subject": "CSCI",
  },
  "$type": "occurrence",
}
`;
